


ARM Macro Assembler    Page 1 


    1 00000000                 AREA             | .text|, CODE, READONLY, ALIGN
 = 2 
                                                            ; Code area
    2 00000000                 THUMB                        ; Thumb directive
    3 00000000                 EXTERN           currentPt
    4 00000000                 EXPORT           SysTick_Handler
    5 00000000                 EXPORT           osSchedulerLaunch
    6 00000000         
    7 00000000         SysTick_Handler                      ; Periodic interrup
                                                            t, the proceesor wi
                                                            ll automatically sa
                                                            ves 8 Registers to 
                                                            TCB_STACK[x] ( R0, 
                                                            R1, R2, R3, R12, LR
                                                            , PC, xPSR ), so we
                                                             have to save the r
                                                            emaining registers 
                                                            onto TCB_STACK[x].
    8 00000000 B672            CPSID            I           ; Disable interrupt
                                                            
    9 00000002 E92D 0FF0       PUSH             {R4 - R11}  ; Save R4, R5, R6, 
                                                            R7, R8, R9, R10, R1
                                                            1 onto TCB_STACK[x]
                                                            .
   10 00000006 480D            LDR              R0, =currentPt ;   ; R0 = curre
                                                            ntPt(=&tcb[x])
   11 00000008 6801            LDR              R1, [R0, #0] ; R1 = R0(=current
                                                            Pt)->stackPt [Numbe
                                                            r #0 takes us to th
                                                            e first entry of TC
                                                            B]
   12 0000000A F8C1 D000       STR              SP, [R1]    ; R1(=currentPt->st
                                                            ackPt) = SP
   13 0000000E         
   14 0000000E 6849            LDR              R1, [R1, #4] ; R1 = currentPt->
                                                            nextPt [ Number #4 
                                                            takes us to the sec
                                                            ond entry of TCB ]
   15 00000010 6001            STR              R1, [R0]    ; R0 (=currentPt) =
                                                             R1(=currentPt->nex
                                                            tPt) ( Next TCB )
   16 00000012 F8D1 D000       LDR              SP, [R1]    ; SP = currentPt->s
                                                            tackPt
   17 00000016 E8BD 0FF0       POP              {R4 - R11}  ; Restore R4 - R11 
                                                            from TCB_STACK[x] t
                                                            o Special Registers
                                                            
   18 0000001A B662            CPSIE            I           ; Enable interrupt
   19 0000001C 4770            BX               LR          ; Causes a branch t
                                                            o the address conta
                                                            ined in LR and exch
                                                            anges the instructi
                                                            on set.
   20 0000001E         
   21 0000001E         osSchedulerLaunch
   22 0000001E 4807            LDR              R0, =currentPt ; R0 = currentPt
                                                            (&tcb[0]).
   23 00000020 6802            LDR              R2, [R0]    ; R2 = R0 = current
                                                            Pt(&tcb[0]).



ARM Macro Assembler    Page 2 


   24 00000022 F8D2 D000       LDR              SP, [R2, #0] ; SP = R2(&tcb[0])
                                                            ->stackPt, now SP p
                                                            oints to TCB_STACK[
                                                            0].
   25 00000026 E8BD 0FF0       POP              {R4 - R11}  ; Get R4 - R11 from
                                                             TCB_STACK[0] to Sp
                                                            ecial Registers.
   26 0000002A BC0F            POP              {R0 - R3}   ; Get R0 - R3  from
                                                             TCB_STACK[0] to Sp
                                                            ecial Registers.
   27 0000002C F85D CB04       POP              {R12}       ; Get R12 from TCB_
                                                            STACK[0] to Special
                                                             Register.
   28 00000030 B001            ADD              SP, SP, #4  ; The next register
                                                             in TCB_STACK[0] is
                                                              SP, we will skip 
                                                            it and move to the 
                                                            next register - LR.
                                                            
   29 00000032 F85D EB04       POP              {LR}        ; Load LR from TCB_
                                                            STACK[0] into Speci
                                                            al Register LR. LR 
                                                            contains address of
                                                             function LED1_Task
                                                            .
   30 00000036 B001            ADD              SP, SP, #4  ; Skip PC. Now SP p
                                                            oints at xPSR in TC
                                                            B_STACK[0], lowest 
                                                            of our TCB_STACK[0]
                                                            . 
   31 00000038 B662            CPSIE            I           ; Enable Systick in
                                                            terrupt as we disab
                                                            led it before. 
   32 0000003A 4770            BX               LR          ; Causes a branch t
                                                            o the address conta
                                                            ined in LR and exch
                                                            anges the instructi
                                                            on set.
   33 0000003C         
   34 0000003C                 ALIGN
   35 0000003C                 END
              00000000 
Command Line: --debug --xref --diag_suppress=9931 --cpu=Cortex-M3 --apcs=interw
ork --depend=.\objects\oskernel_1.d -o.\objects\oskernel_1.o -I"C:\Users\thien\
Desktop\Build-RTOS-for-STM32F103C8T6-Blue-Pill-ARM-Cortex-M3\13 RTOS Scheduler 
Using SysTick Exceptions only\RTE" -I"C:\Users\thien\Desktop\Build-RTOS-for-STM
32F103C8T6-Blue-Pill-ARM-Cortex-M3\13 RTOS Scheduler Using SysTick Exceptions o
nly\RTE\Device\STM32F103C8" -IC:\Keil_v5\ARM\PACK\ARM\CMSIS\4.5.0\CMSIS\Include
 -IC:\Keil_v5\ARM\PACK\Keil\STM32F1xx_DFP\2.3.0\Device\Include --predefine="__U
VISION_VERSION SETA 517" --predefine="_RTE_ SETA 1" --predefine="STM32F10X_MD S
ETA 1" --list=.\listings\oskernel.lst osKernel.s



ARM Macro Assembler    Page 1 Alphabetic symbol ordering
Relocatable symbols

 .text 00000000

Symbol:  .text
   Definitions
      At line 1 in file osKernel.s
   Uses
      None
Comment:  .text unused
SysTick_Handler 00000000

Symbol: SysTick_Handler
   Definitions
      At line 7 in file osKernel.s
   Uses
      At line 4 in file osKernel.s
Comment: SysTick_Handler used once
osSchedulerLaunch 0000001E

Symbol: osSchedulerLaunch
   Definitions
      At line 21 in file osKernel.s
   Uses
      At line 5 in file osKernel.s
Comment: osSchedulerLaunch used once
3 symbols



ARM Macro Assembler    Page 1 Alphabetic symbol ordering
External symbols

currentPt 00000000

Symbol: currentPt
   Definitions
      At line 3 in file osKernel.s
   Uses
      At line 10 in file osKernel.s
      At line 22 in file osKernel.s

1 symbol
339 symbols in table
